BAM 5.2 Vh5205_C-78-Loading.LIS						
------------------------------------						
Test ID	Vh5205_C-78					
						
* The time at beginning of the loading was set to zero for better representation of the data. It does not correspond with the absolute value of the time data record during the test.						
** Error limit: ± 1 %. Preload of 0.2 kN (20.4 kg) is not included in the data						
*** Extension caused by the Preload is not included the data						
						
						
[data]						
Time*	Force**	Extension***				
s	kN	%				
0.0	0.007	0.0000				
1.0	0.122	0.0053				
1.4	0.244	0.0119				
1.6	0.357	0.0115				
1.9	0.461	0.0221				
2.1	0.568	0.0146				
2.3	0.682	0.0185				
2.4	0.802	0.0344				
2.6	0.910	0.0393				
2.9	1.021	0.0353				
6.9	1.126	0.0406				
7.3	1.250	0.0499				
7.6	1.354	0.0552				
8.0	1.460	0.0530				
8.3	1.577	0.0592				
8.4	1.688	0.0578				
8.6	1.792	0.0684				
8.9	1.898	0.0689				
9.1	2.015	0.0715				
9.5	2.129	0.0825				
9.8	2.252	0.0892				
10.0	2.363	0.0878				
10.2	2.478	0.0923				
10.4	2.593	0.1077				
10.6	2.702	0.1068				
10.9	2.804	0.1135				
11.2	2.917	0.1165				
11.4	3.040	0.1214				
11.5	3.146	0.1271				
11.7	3.265	0.1373				
11.9	3.372	0.1377				
12.1	3.494	0.1452				
12.3	3.595	0.1466				
12.4	3.697	0.1598				
12.7	3.820	0.1620				
12.9	3.961	0.1691				
13.0	4.078	0.1704				
13.2	4.201	0.1757				
13.4	4.312	0.1757				
13.6	4.430	0.1858				
13.8	4.550	0.1934				
13.9	4.651	0.1951				
14.1	4.780	0.1956				
14.3	4.896	0.2066				
14.4	5.003	0.2088				
14.6	5.133	0.2145				
14.9	5.241	0.2225				
15.0	5.373	0.2296				
15.2	5.490	0.2410				
15.4	5.635	0.2454				
15.5	5.744	0.2525				
15.7	5.876	0.2574				
15.9	5.979	0.2565				
16.1	6.102	0.2680				
16.3	6.216	0.2728				
16.4	6.316	0.2755				
21.4	6.345	0.2812				
						
						
						
						
						
						
						
						
