BAM 5.2 Vh5205_C-89-Loading.LIS						
------------------------------------						
Test ID	Vh5205_C-89					
						
* The time at beginning of the loading was set to zero for better representation of the data. It does not correspond with the absolute value of the time data record during the test.						
** Error limit: ± 1 %. Preload of 0.2 kN (20.4 kg) is not included in the data						
*** Extension caused by the Preload is not included the data						
						
						
[data]						
Time*	Force**	Extension***				
s	kN	%				
0.0	-0.001	0.0000				
0.8	0.107	0.0052				
1.1	0.216	0.0026				
1.4	0.338	0.0004				
1.5	0.442	0.0087				
1.8	0.561	0.0166				
2.0	0.689	0.0200				
2.3	0.808	0.0205				
2.4	0.915	0.0257				
2.7	1.025	0.0270				
6.3	1.136	0.0362				
7.2	1.245	0.0410				
7.4	1.346	0.0397				
7.7	1.486	0.0466				
7.9	1.587	0.0575				
8.2	1.692	0.0641				
8.4	1.838	0.0623				
8.6	1.944	0.0750				
8.8	2.056	0.0763				
9.0	2.181	0.0846				
9.3	2.305	0.0902				
9.5	2.409	0.0959				
9.7	2.509	0.0985				
9.9	2.625	0.1011				
10.1	2.758	0.1016				
10.2	2.872	0.1111				
10.4	3.012	0.1185				
10.7	3.115	0.1185				
10.9	3.229	0.1190				
11.1	3.348	0.1290				
11.3	3.477	0.1294				
11.4	3.592	0.1329				
11.7	3.718	0.1355				
11.9	3.830	0.1438				
12.1	3.933	0.1499				
12.3	4.040	0.1586				
12.4	4.146	0.1665				
12.7	4.279	0.1726				
12.9	4.411	0.1787				
13.0	4.521	0.1778				
13.2	4.664	0.1874				
13.3	4.766	0.1870				
13.4	4.875	0.1948				
13.6	4.986	0.2005				
13.8	5.112	0.2075				
14.0	5.250	0.2153				
14.2	5.353	0.2262				
14.3	5.478	0.2327				
14.4	5.611	0.2327				
14.6	5.741	0.2371				
14.8	5.842	0.2484				
15.0	5.966	0.2497				
15.2	6.102	0.2545				
15.4	6.230	0.2606				
15.6	6.344	0.2615				
20.6	6.343	0.2715				
						
						
						
						
						
						
						
						
						
