BAM 5.2 -Loading.LIS						
------------------------------------						
Test ID	Vh5205_C-97					
						
"This worksheet corresponds to row 178 of worksheet ""Common-to-all"""						
** Error limit: ± 1 %. Preload of 0.2 kN (20.4 kg) is not included in the data						
*** Extension caused by the Preload is not included the data						
						
						
[data]						
Time*	Force**	Extension***				
s	kN	%				
0.0	0.005	0.0000				
3.2	0.128	0.0040				
3.5	0.231	0.0062				
3.7	0.354	0.0035				
3.9	0.459	0.0199				
4.0	0.580	0.0256				
4.3	0.698	0.0292				
4.5	0.809	0.0345				
4.6	0.911	0.0349				
4.9	1.031	0.0376				
8.1	1.132	0.0433				
8.8	1.245	0.0442				
9.1	1.352	0.0464				
9.4	1.466	0.0597				
9.6	1.576	0.0575				
9.9	1.682	0.0637				
10.1	1.793	0.0663				
10.4	1.907	0.0721				
10.5	2.018	0.0765				
10.7	2.122	0.0787				
10.9	2.238	0.0866				
11.1	2.376	0.0942				
11.4	2.492	0.1003				
11.7	2.623	0.1026				
11.9	2.748	0.1110				
12.1	2.873	0.1136				
12.3	2.988	0.1189				
12.5	3.089	0.1317				
12.8	3.219	0.1326				
13.0	3.329	0.1344				
13.2	3.460	0.1401				
13.4	3.577	0.1499				
13.5	3.693	0.1560				
13.7	3.821	0.1631				
13.9	3.931	0.1711				
14.1	4.049	0.1720				
14.4	4.150	0.1724				
14.6	4.268	0.1786				
14.9	4.393	0.1879				
15.0	4.505	0.1963				
15.3	4.630	0.1972				
15.4	4.763	0.1972				
15.6	4.897	0.2078				
15.8	4.997	0.2126				
16.0	5.120	0.2263				
16.1	5.231	0.2268				
16.4	5.353	0.2391				
16.5	5.460	0.2352				
21.5	5.506	0.2467				
						
						
						
						
						
						
						
						
						
						
						
						
						
						
						
						
