BAM 5.2 Vh5205_C-91-Loading.LIS						
------------------------------------						
Test ID	Vh5205_C-91					
						
* The time at beginning of the loading was set to zero for better representation of the data. It does not correspond with the absolute value of the time data record during the test.						
** Error limit: ± 1 %. Preload of 0.2 kN (20.4 kg) is not included in the data						
*** Extension caused by the Preload is not included the data						
						
						
[data]						
Time*	Force**	Extension***				
s	kN	%				
0.0	0.002	0.0000				
3.4	0.121	-0.0022				
3.6	0.236	0.0119				
3.9	0.355	0.0119				
4.0	0.460	0.0264				
4.2	0.573	0.0176				
4.4	0.711	0.0356				
4.7	0.846	0.0316				
4.9	0.980	0.0365				
5.1	1.082	0.0479				
5.8	1.183	0.0505				
9.5	1.294	0.0457				
9.8	1.398	0.0479				
10.1	1.509	0.0624				
10.4	1.610	0.0650				
10.7	1.713	0.0646				
10.9	1.822	0.0707				
11.1	1.925	0.0712				
11.3	2.030	0.0799				
11.5	2.134	0.0843				
11.8	2.256	0.0874				
12.0	2.376	0.0980				
12.2	2.483	0.1050				
12.4	2.604	0.1063				
12.6	2.718	0.1032				
12.8	2.852	0.1138				
13.0	2.953	0.1204				
13.3	3.064	0.1269				
13.5	3.177	0.1291				
13.7	3.302	0.1349				
13.9	3.413	0.1436				
14.1	3.532	0.1467				
14.3	3.657	0.1551				
14.5	3.786	0.1590				
14.8	3.902	0.1669				
14.9	4.016	0.1713				
15.1	4.144	0.1722				
15.3	4.247	0.1801				
15.5	4.362	0.1836				
15.6	4.471	0.1906				
15.9	4.596	0.2003				
						
						
						
						
						
						
						
						
						
						
						
						
						
						
						
						
						
						
						
						
						
						
						
						
