BAM 5.2 Vh5205_C-80-Loading.LIS						
------------------------------------						
Test ID	Vh5205_C-80					
						
* The time at beginning of the loading was set to zero for better representation of the data. It does not correspond with the absolute value of the time data record during the test.						
** Error limit: ± 1 %. Preload of 0.2 kN (20.4 kg) is not included in the data						
*** Extension caused by the Preload is not included the data						
						
						
[data]						
Time*	Force**	Extension***				
s	kN	%				
0.0	-0.012	0.0000				
0.6	0.102	0.0009				
0.9	0.229	0.0080				
1.1	0.342	0.0160				
1.3	0.463	0.0244				
1.5	0.574	0.0324				
1.7	0.679	0.0288				
1.9	0.805	0.0350				
2.1	0.910	0.0359				
2.3	1.020	0.0364				
5.8	1.122	0.0435				
6.3	1.230	0.0435				
6.6	1.348	0.0488				
6.9	1.452	0.0550				
7.2	1.564	0.0612				
7.4	1.688	0.0603				
7.6	1.811	0.0754				
7.8	1.917	0.0736				
8.1	2.034	0.0745				
8.3	2.155	0.0825				
8.5	2.289	0.0865				
8.7	2.402	0.0909				
8.9	2.527	0.0962				
9.1	2.648	0.1011				
9.4	2.775	0.1056				
9.6	2.899	0.1153				
9.8	3.013	0.1206				
9.9	3.132	0.1220				
10.1	3.233	0.1264				
10.3	3.368	0.1357				
10.4	3.470	0.1393				
10.7	3.579	0.1526				
10.9	3.685	0.1512				
11.1	3.790	0.1539				
11.3	3.921	0.1597				
11.5	4.035	0.1654				
11.8	4.142	0.1734				
11.9	4.255	0.1783				
12.1	4.380	0.1818				
12.3	4.501	0.1889				
12.6	4.624	0.1947				
12.7	4.741	0.1969				
12.9	4.882	0.2018				
13.1	4.994	0.2062				
13.4	5.106	0.2164				
13.5	5.234	0.2204				
13.7	5.342	0.2297				
13.8	5.453	0.2315				
14.0	5.585	0.2391				
14.2	5.689	0.2488				
14.3	5.809	0.2422				
14.4	5.910	0.2484				
14.6	6.041	0.2608				
14.7	6.152	0.2595				
14.9	6.271	0.2688				
19.9	6.334	0.2785				
						
						
						
						
						
						
						
						
						
