BAM 5.2 Vh5205_C-95-Loading.LIS						
------------------------------------						
Test ID	Vh5205_C-95					
						
* The time at beginning of the loading was set to zero for better representation of the data. It does not correspond with the absolute value of the time data record during the test.						
** Error limit: ± 1 %. Preload of 0.2 kN (20.4 kg) is not included in the data						
*** Extension caused by the Preload is not included the data						
						
						
[data]						
Time*	Force**	Extension***				
s	kN	%				
0.0	0.006	0.0000				
1.8	0.106	0.0061				
2.1	0.212	0.0009				
2.3	0.322	-0.0013				
2.6	0.457	0.0026				
2.8	0.570	0.0144				
3.0	0.677	0.0179				
3.2	0.799	0.0201				
3.4	0.903	0.0144				
3.6	1.021	0.0179				
4.3	1.125	0.0245				
7.5	1.227	0.0402				
8.0	1.341	0.0284				
8.3	1.455	0.0341				
8.6	1.570	0.0402				
8.9	1.679	0.0617				
9.1	1.784	0.0625				
9.3	1.885	0.0634				
9.6	1.993	0.0625				
9.8	2.101	0.0647				
10.0	2.210	0.0673				
10.2	2.317	0.0774				
10.4	2.429	0.0704				
10.6	2.533	0.0787				
10.8	2.642	0.0805				
11.1	2.751	0.0892				
11.3	2.852	0.0962				
11.6	2.970	0.0997				
11.8	3.097	0.1032				
12.0	3.226	0.1080				
12.3	3.339	0.1238				
12.5	3.450	0.1299				
12.6	3.551	0.1382				
12.9	3.667	0.1386				
17.9	3.732	0.1452				
						
						
						
						
						
						
						
						
						
						
						
						
						
						
						
						
						
						
						
						
						
						
						
						
						
						
						
