BAM 5.2 Vh5205_C-81-Loading.LIS						
------------------------------------						
Test ID	Vh5205_C-81					
						
* The time at beginning of the loading was set to zero for better representation of the data. It does not correspond with the absolute value of the time data record during the test.						
** Error limit: ± 1 %. Preload of 0.2 kN (20.4 kg) is not included in the data						
*** Extension caused by the Preload is not included the data						
						
						
[data]						
Time*	Force**	Extension***				
s	kN	%				
0.0	-0.001	0.0000				
3.3	0.123	0.0113				
3.5	0.231	0.0135				
3.8	0.347	0.0209				
3.9	0.456	0.0213				
4.1	0.593	0.0252				
4.3	0.706	0.0335				
4.4	0.827	0.0331				
4.6	0.960	0.0370				
4.8	1.062	0.0474				
5.5	1.173	0.0548				
8.6	1.281	0.0518				
9.1	1.392	0.0635				
9.3	1.498	0.0687				
9.5	1.617	0.0701				
9.7	1.730	0.0779				
9.8	1.844	0.0761				
10.1	1.962	0.0888				
10.3	2.063	0.0875				
10.5	2.170	0.0996				
10.7	2.309	0.1014				
10.9	2.454	0.1053				
11.0	2.575	0.1018				
11.3	2.701	0.1096				
11.4	2.833	0.1127				
11.6	2.973	0.1210				
11.8	3.084	0.1227				
11.9	3.189	0.1301				
12.1	3.296	0.1323				
12.3	3.403	0.1462				
12.4	3.505	0.1497				
12.5	3.628	0.1558				
12.8	3.739	0.1575				
12.9	3.861	0.1588				
13.1	3.999	0.1723				
13.3	4.104	0.1723				
13.5	4.239	0.1832				
13.6	4.392	0.1827				
13.8	4.501	0.1949				
13.9	4.628	0.1988				
						
						
						
						
						
						
						
						
						
						
						
						
						
						
						
						
						
						
						
						
						
						
						
						
						
