Symbol	Unit	Min.	Max.			
C	ppm	60				
Si	Wt. %	0.05				
Mn	Wt. %	0.05				
S	ppm	2				
Ag	ppm	2				
Al	Wt. %	4.9	4.7			
B	ppm	30				
Bi	ppm	0.3				
Cb	Wt. %	0.1				
Co	Wt. %	5.2	4.8			
Cr	Wt. %	10	9.6			
Cu	Wt. %	0.01				
Fe	Wt. %	0.2				
Ga	ppm	25				
Hf	Wt. %	0.09	0.03			
Mg	ppm	100				
Mo	Wt. %	3.2	2.8			
N	ppm	12				
Ni	Wt. %	Balance				
O	ppm	10				
P	ppm	2				
Pb	ppm	2				
Se	ppm	0.5				
Re	Wt. %					
Ta	Wt. %	2.2	1.8			
Te	ppm	0.3				
Ti	Wt. %	4.8	4.6			
Tl	ppm	0.3				
W	Wt. %	0.1				
Zr	ppm	75				
Al+Ti	Wt. %	9.7	9.3			
Sn	ppm	25				
Sb	ppm	3				
As	ppm	5				
Zn	ppm	5				
Hg	ppm	3				
U	ppm	5				
Th	ppm	5				
Cd	ppm	2				
Ge	ppm	2				
V	Wt. %	0.1				
Y	Wt. %	0.002				
Pt	Wt. %					
Au	ppm	0.2				
In	ppm	2				
Na	ppm	25				
K	ppm	25				
