BAM 5.2 Vh5205_C-85-Loading.LIS						
------------------------------------						
Test ID	Vh5205_C-85					
						
* The time at beginning of the loading was set to zero for better representation of the data. It does not correspond with the absolute value of the time data record during the test.						
** Error limit: ± 1 %. Preload of 0.2 kN (20.4 kg) is not included in the data						
*** Extension caused by the Preload is not included the data						
						
						
[data]						
Time*	Force**	Extension***				
s	kN	%				
0.0	-0.002	0.0000				
2.7	0.102	0.0055				
3.0	0.225	0.0096				
3.3	0.332	0.0239				
3.5	0.451	0.0273				
3.8	0.557	0.0310				
4.0	0.672	0.0357				
4.2	0.773	0.0382				
4.4	0.911	0.0440				
4.8	1.029	0.0478				
9.5	1.134	0.0495				
9.9	1.252	0.0491				
10.3	1.361	0.0562				
10.6	1.466	0.0625				
10.9	1.583	0.0646				
11.1	1.697	0.0633				
11.3	1.798	0.0696				
11.5	1.908	0.0772				
11.8	2.03	0.0835				
12.0	2.131	0.0881				
12.3	2.251	0.0977				
12.4	2.353	0.0969				
12.6	2.467	0.1061				
12.9	2.589	0.1082				
13.1	2.711	0.1133				
13.3	2.824	0.1166				
13.6	2.935	0.1229				
13.8	3.039	0.1309				
14.0	3.156	0.1363				
14.2	3.261	0.1418				
14.4	3.366	0.1468				
14.6	3.468	0.1523				
14.7	3.581	0.1560				
15.0	3.698	0.1648				
20.0	3.774	0.1682				
						
						
						
						
						
						
						
						
						
						
						
						
						
						
						
						
						
						
						
						
						
						
						
						
						
						
						
