BAM 5.2 Vh5205_C-98-Loading.LIS						
------------------------------------						
Test ID	Vh5205_C-98					
						
* The time at beginning of the loading was set to zero for better representation of the data. It does not correspond with the absolute value of the time data record during the test.						
** Error limit: ± 1 %. Preload of 0.2 kN (20.4 kg) is not included in the data						
*** Extension caused by the Preload is not included the data						
						
						
[data]						
Time*	Force**	Extension***				
s	kN	%				
0.0	0.004	0.0000				
3.8	0.112	0.0044				
4.1	0.222	0.0017				
4.3	0.323	0.0136				
4.4	0.452	0.0214				
4.7	0.581	0.0240				
4.8	0.696	0.0306				
5.1	0.811	0.0262				
5.3	0.929	0.0442				
5.4	1.036	0.0407				
8.8	1.148	0.0319				
9.2	1.264	0.0385				
9.4	1.381	0.0555				
9.7	1.489	0.0533				
9.9	1.598	0.0621				
10.2	1.727	0.0708				
10.4	1.851	0.0686				
10.6	1.971	0.0704				
10.8	2.079	0.0778				
11.0	2.190	0.0848				
11.3	2.293	0.0870				
11.5	2.421	0.0931				
11.7	2.531	0.0988				
11.8	2.646	0.1119				
12.0	2.770	0.1163				
12.3	2.887	0.1207				
12.5	3.005	0.1215				
12.8	3.121	0.1342				
12.9	3.244	0.1390				
13.2	3.359	0.1408				
13.3	3.467	0.1390				
13.5	3.594	0.1447				
13.7	3.716	0.1491				
13.9	3.820	0.1547				
14.2	3.943	0.1696				
14.3	4.068	0.1753				
14.5	4.187	0.1801				
14.7	4.307	0.1740				
14.9	4.429	0.1805				
15.0	4.537	0.1932				
						
						
						
						
						
						
						
						
						
						
						
						
						
						
						
						
						
						
						
						
						
						
						
						
						
