BAM 5.2 Vh5205_C-99-Loading.LIS						
------------------------------------						
Test ID	Vh5205_C-99					
						
* The time at beginning of the loading was set to zero for better representation of the data. It does not correspond with the absolute value of the time data record during the test.						
** Error limit: ± 1 %. Preload of 0.2 kN (20.4 kg) is not included in the data						
*** Extension caused by the Preload is not included the data						
						
						
[data]						
Time*	Force**	Extension***				
s	kN	%				
0.0	0.008	0.0000				
1.5	0.108	0.0013				
1.8	0.228	0.0065				
2.0	0.337	0.0148				
2.4	0.463	0.0157				
2.5	0.571	0.0214				
2.7	0.677	0.0270				
2.9	0.790	0.0275				
3.1	0.895	0.0288				
3.5	0.995	0.0314				
4.5	1.098	0.0384				
8.5	1.199	0.0462				
8.9	1.304	0.0406				
9.3	1.406	0.0419				
9.6	1.522	0.0523				
9.8	1.623	0.0606				
10.0	1.739	0.0571				
10.4	1.860	0.0593				
10.6	1.975	0.0737				
11.0	2.082	0.0768				
11.1	2.185	0.0794				
11.4	2.325	0.0920				
11.5	2.439	0.1007				
11.8	2.570	0.1016				
12.0	2.683	0.1099				
12.3	2.814	0.1103				
12.5	2.923	0.1147				
12.8	3.044	0.1212				
13.0	3.146	0.1247				
13.3	3.270	0.1356				
13.5	3.398	0.1326				
13.5	3.513	0.1404				
13.7	3.653	0.1513				
13.9	3.788	0.1548				
14.0	3.919	0.1614				
14.1	4.054	0.1670				
14.3	4.192	0.1701				
14.5	4.324	0.1792				
14.6	4.451	0.1801				
14.7	4.556	0.1884				
14.8	4.662	0.2032				
15.0	4.805	0.1984				
15.0	4.916	0.2015				
15.1	5.020	0.2089				
15.3	5.160	0.2168				
15.5	5.312	0.2237				
15.6	5.423	0.2285				
20.6	5.492	0.2425				
						
						
						
						
						
						
						
						
						
						
						
						
						
						
						
						
						
